[barestostudio.com/maesha-rifaldi/index.html]
[backblue.gif]
[fade.gif]
[index.html]
[external.html]
[barestostudio.com/wp-includes/css/dist/block-library/style.minf049.css]
[barestostudio.com/wp-content/plugins/wp-whatsapp/assets/dist/css/stylef049.css]
[barestostudio.com/wp-content/plugins/weddingpress/addons/comment-kit/css/wdp_styled537.css]
[barestostudio.com/wp-content/plugins/weddingpress/assets/css/wdp-centered-timeline.minf049.css]
[barestostudio.com/wp-content/plugins/weddingpress/assets/css/wdp-horizontal-styles.minf049.css]
[barestostudio.com/wp-content/plugins/weddingpress/assets/css/wdp-fontellof049.css]
[barestostudio.com/wp-content/plugins/weddingpress/assets/css/exad-styles.minf049.css]
[barestostudio.com/wp-content/themes/hello-elementor/style.min8066.css]
[barestostudio.com/wp-content/themes/hello-elementor/theme.min8066.css]
[barestostudio.com/wp-content/plugins/elementor/assets/lib/eicons/css/elementor-icons.min05c8.css]
[barestostudio.com/wp-content/plugins/elementor/assets/css/frontend.minb045.css]
[barestostudio.com/wp-content/uploads/elementor/css/post-8f2f5.css]
[barestostudio.com/wp-content/plugins/weddingpress/assets/css/wdpd2b8.css]
[barestostudio.com/wp-content/plugins/az-video-and-audio-player-addon-for-elementor/assets/css/plyrf049.css]
[barestostudio.com/wp-content/plugins/az-video-and-audio-player-addon-for-elementor/assets/css/mainf049.css]
[barestostudio.com/wp-content/plugins/elementor-pro/assets/css/frontend.min49eb.css]
[barestostudio.com/wp-content/uploads/elementor/css/global3702.css]
[barestostudio.com/wp-content/uploads/elementor/css/post-19630637.css]
[barestostudio.com/wp-content/plugins/elementor/assets/lib/font-awesome/css/fontawesome.min52d5.css]
[barestostudio.com/wp-content/plugins/elementor/assets/lib/font-awesome/css/solid.min52d5.css]
[barestostudio.com/wp-includes/js/jquery/jquery.minaf6c.js]
[barestostudio.com/wp-includes/js/jquery/jquery-migrate.mind617.js]
[barestostudio.com/wp-content/plugins/lbg-audio1-html5/audio1_html5/js/jquery.mousewheel.minf049.js]
[barestostudio.com/wp-content/plugins/lbg-audio1-html5/audio1_html5/js/jquery.touchSwipe.minf049.js]
[barestostudio.com/wp-content/plugins/lbg-audio1-html5/audio1_html5/js/audio1_html5f049.js]
[barestostudio.com/wp-content/plugins/elementor_widget_apollo_audio_player/audio7_html5/js/jquery.mousewheel.minf049.js]
[barestostudio.com/wp-content/plugins/elementor_widget_apollo_audio_player/audio7_html5/js/jquery.touchSwipe.minf049.js]
[barestostudio.com/wp-content/plugins/elementor_widget_apollo_audio_player/audio7_html5/js/audio7_html5f049.js]
[barestostudio.com/wp-content/plugins/elementor_widget_apollo_audio_player/audio7_html5/js/google_af049.js]
[barestostudio.com/wp-content/uploads/2021/05/Asset-3-870x1024.png]
[barestostudio.com/wp-content/uploads/2021/05/Asset-1-1.png]
[barestostudio.com/wp-content/uploads/2021/06/Asset-1.png]
[barestostudio.com/wp-content/uploads/2021/05/Asset-5.png]
[barestostudio.com/wp-content/uploads/2021/05/Asset-2.png]
[barestostudio.com/wp-content/plugins/elementor/assets/lib/animations/animations.minb045.css]
[barestostudio.com/wp-includes/js/jquery/ui/core.min0028.js]
[barestostudio.com/wp-includes/js/jquery/ui/mouse.min0028.js]
[barestostudio.com/wp-includes/js/jquery/ui/slider.min0028.js]
[barestostudio.com/wp-includes/js/jquery/ui/progressbar.min0028.js]
[barestostudio.com/wp-includes/js/jquery/ui/effect.min0028.js]
[barestostudio.com/wp-content/plugins/weddingpress/addons/comment-kit/js/wdp_scriptd537.js]
[barestostudio.com/wp-content/plugins/weddingpress/addons/comment-kit/js/libs/jquery.jPages.minac14.js]
[barestostudio.com/wp-content/plugins/weddingpress/addons/comment-kit/js/libs/jquery.textareaCounterd5f7.js]
[barestostudio.com/wp-content/plugins/weddingpress/addons/comment-kit/js/libs/jquery.placeholder.min5d0a.js]
[barestostudio.com/wp-content/plugins/weddingpress/addons/comment-kit/js/libs/autosize.mind50e.js]
[barestostudio.com/wp-content/plugins/weddingpress/assets/js/wdp-swiper.min.js]
[barestostudio.com/wp-content/plugins/weddingpress/assets/js/qr-code.js]
[barestostudio.com/wp-content/plugins/weddingpress/assets/js/wdp-horizontal.js]
[barestostudio.com/wp-content/plugins/weddingpress/assets/js/exad-scripts.mind2b8.js]
[barestostudio.com/wp-content/plugins/wp-whatsapp/assets/dist/js/njt-whatsapp0226.js]
[barestostudio.com/wp-content/plugins/wp-whatsapp/assets/js/whatsapp-button0226.js]
[barestostudio.com/wp-content/plugins/az-video-and-audio-player-addon-for-elementor/assets/js/plyr.min8a54.js]
[barestostudio.com/wp-content/plugins/az-video-and-audio-player-addon-for-elementor/assets/js/plyr.polyfilled.min8a54.js]
[barestostudio.com/wp-content/plugins/az-video-and-audio-player-addon-for-elementor/assets/js/main8a54.js]
[barestostudio.com/wp-content/plugins/elementor-pro/assets/js/webpack-pro.runtime.min49eb.js]
[barestostudio.com/wp-content/plugins/elementor/assets/js/webpack.runtime.minb045.js]
[barestostudio.com/wp-content/plugins/elementor/assets/js/frontend-modules.minb045.js]
[barestostudio.com/wp-content/plugins/elementor-pro/assets/js/frontend.min49eb.js]
[barestostudio.com/wp-content/plugins/elementor/assets/lib/waypoints/waypoints.min05da.js]
[barestostudio.com/wp-content/plugins/elementor/assets/lib/swiper/swiper.min48f5.js]
[barestostudio.com/wp-content/plugins/elementor/assets/lib/share-link/share-link.minb045.js]
[barestostudio.com/wp-content/plugins/elementor/assets/lib/dialog/dialog.mina288.js]
[barestostudio.com/wp-content/plugins/elementor/assets/js/frontend.minb045.js]
[barestostudio.com/wp-content/plugins/elementor-pro/assets/js/preloaded-elements-handlers.min49eb.js]
[barestostudio.com/wp-content/plugins/elementor/assets/js/preloaded-modules.minb045.js]
[barestostudio.com/wp-content/plugins/elementor-pro/assets/lib/sticky/jquery.sticky.min49eb.js]
[barestostudio.com/wp-content/plugins/weddingpress/assets/js/wdp.mind2b8.js]
[barestostudio.com/maesha-rifaldi/index.html]
[barestostudio.com/wp-includes/css/dist/block-library/style.minf049.css]
[barestostudio.com/wp-content/plugins/wp-whatsapp/assets/dist/css/stylef049.css]
[barestostudio.com/wp-content/plugins/lbg-audio1-html5/audio1_html5/audio1_html5f049.css]
[barestostudio.com/wp-content/plugins/elementor_widget_apollo_audio_player/audio7_html5/audio7_html5f049.css]
[barestostudio.com/wp-content/plugins/weddingpress/addons/comment-kit/css/fonts/wdpfont7137.eot]
[barestostudio.com/wp-content/plugins/weddingpress/addons/comment-kit/css/fonts/wdpfont7137.ttf]
[barestostudio.com/maesha-rifaldi/feed/index.html]
[barestostudio.com/wp-content/plugins/weddingpress/addons/comment-kit/css/fonts/wdpfont7137.woff]
[barestostudio.com/wp-content/plugins/weddingpress/addons/comment-kit/css/fonts/wdpfont7137.svg]
[barestostudio.com/wp-content/plugins/weddingpress/addons/comment-kit/css/images/modal_x.png]
[barestostudio.com/wp-content/plugins/weddingpress/addons/comment-kit/css/wdp_styled537.css]
[barestostudio.com/wp-content/plugins/weddingpress/assets/css/wdp-centered-timeline.minf049.css]
[barestostudio.com/wp-content/plugins/weddingpress/assets/css/wdp-horizontal-styles.minf049.css]
[barestostudio.com/wp-content/plugins/weddingpress/assets/css/wdp-fontellof049.css]
[barestostudio.com/wp-content/plugins/weddingpress/assets/css/exad-styles.minf049.css]
[barestostudio.com/wp-content/themes/hello-elementor/style.min8066.css]
[barestostudio.com/wp-content/themes/hello-elementor/theme.min8066.css]
[barestostudio.com/wp-content/plugins/elementor/assets/lib/eicons/css/elementor-icons.min05c8.css]
[barestostudio.com/wp-content/plugins/elementor/assets/css/frontend.minb045.css]
[barestostudio.com/wp-content/uploads/elementor/css/post-8f2f5.css]
[barestostudio.com/wp-content/plugins/weddingpress/assets/css/wdpd2b8.css]
[barestostudio.com/wp-content/plugins/az-video-and-audio-player-addon-for-elementor/assets/css/plyrf049.css]
[barestostudio.com/wp-content/plugins/az-video-and-audio-player-addon-for-elementor/assets/css/mainf049.css]
[barestostudio.com/wp-content/plugins/elementor-pro/assets/css/frontend.min49eb.css]
[barestostudio.com/wp-content/uploads/elementor/css/global3702.css]
[barestostudio.com/wp-content/uploads/2021/05/Design.png]
[barestostudio.com/wp-content/uploads/2021/05/Design-1.png]
[barestostudio.com/wp-content/uploads/2021/08/rifaldi-03-03.jpg]
[barestostudio.com/wp-content/uploads/elementor/css/post-19630637.css]
[barestostudio.com/wp-content/plugins/elementor/assets/lib/font-awesome/css/fontawesome.min52d5.css]
[barestostudio.com/wp-content/plugins/elementor/assets/lib/font-awesome/css/solid.min52d5.css]
[barestostudio.com/wp-content/plugins/elementor/assets/lib/animations/animations.minb045.css]
[barestostudio.com/wp-content/plugins/lbg-audio1-html5/audio1_html5/controllers/whiteControllers/rewind-off.png]
[barestostudio.com/wp-content/plugins/lbg-audio1-html5/audio1_html5/controllers/whiteControllers/rewind-on.png]
[barestostudio.com/wp-content/plugins/lbg-audio1-html5/audio1_html5/controllers/whiteControllers/play-off.png]
[barestostudio.com/wp-content/plugins/lbg-audio1-html5/audio1_html5/controllers/whiteControllers/play-on.png]
[barestostudio.com/wp-content/plugins/lbg-audio1-html5/audio1_html5/controllers/whiteControllers/pause-off.png]
[barestostudio.com/wp-content/plugins/lbg-audio1-html5/audio1_html5/controllers/whiteControllers/pause-on.png]
[barestostudio.com/wp-content/plugins/lbg-audio1-html5/audio1_html5/controllers/whiteControllers/prev-off.png]
[barestostudio.com/wp-content/plugins/lbg-audio1-html5/audio1_html5/controllers/whiteControllers/prev-on.png]
[barestostudio.com/wp-content/plugins/lbg-audio1-html5/audio1_html5/controllers/whiteControllers/next-off.png]
[barestostudio.com/wp-content/plugins/lbg-audio1-html5/audio1_html5/controllers/whiteControllers/next-on.png]
[barestostudio.com/wp-content/plugins/lbg-audio1-html5/audio1_html5/controllers/whiteControllers/showhideplaylist-off.png]
[barestostudio.com/wp-content/plugins/lbg-audio1-html5/audio1_html5/controllers/whiteControllers/showhideplaylist-on.png]
[barestostudio.com/wp-content/plugins/lbg-audio1-html5/audio1_html5/controllers/whiteControllers/volume-off.png]
[barestostudio.com/wp-content/plugins/lbg-audio1-html5/audio1_html5/controllers/whiteControllers/volume-on.png]
[barestostudio.com/wp-content/plugins/lbg-audio1-html5/audio1_html5/controllers/whiteControllers/volumeMute-off.png]
[barestostudio.com/wp-content/plugins/lbg-audio1-html5/audio1_html5/controllers/whiteControllers/volumeMute-on.png]
[barestostudio.com/wp-content/plugins/lbg-audio1-html5/audio1_html5/controllers/whiteControllers/scrollerFaceOFF.png]
[barestostudio.com/wp-content/plugins/lbg-audio1-html5/audio1_html5/controllers/whiteControllers/scrollerFaceON.png]
[barestostudio.com/wp-content/plugins/lbg-audio1-html5/audio1_html5/controllers/blackControllers/rewind-off.png]
[barestostudio.com/wp-content/plugins/lbg-audio1-html5/audio1_html5/controllers/blackControllers/rewind-on.png]
[barestostudio.com/wp-content/plugins/lbg-audio1-html5/audio1_html5/controllers/blackControllers/play-off.png]
[barestostudio.com/wp-content/plugins/lbg-audio1-html5/audio1_html5/controllers/blackControllers/play-on.png]
[barestostudio.com/wp-content/plugins/lbg-audio1-html5/audio1_html5/controllers/blackControllers/pause-off.png]
[barestostudio.com/wp-content/plugins/lbg-audio1-html5/audio1_html5/controllers/blackControllers/pause-on.png]
[barestostudio.com/wp-content/plugins/lbg-audio1-html5/audio1_html5/controllers/blackControllers/prev-off.png]
[barestostudio.com/wp-content/plugins/lbg-audio1-html5/audio1_html5/controllers/blackControllers/prev-on.png]
[barestostudio.com/wp-content/plugins/lbg-audio1-html5/audio1_html5/controllers/blackControllers/next-off.png]
[barestostudio.com/wp-content/plugins/lbg-audio1-html5/audio1_html5/controllers/blackControllers/next-on.png]
[barestostudio.com/wp-content/plugins/lbg-audio1-html5/audio1_html5/controllers/blackControllers/showhideplaylist-off.png]
[barestostudio.com/wp-content/plugins/lbg-audio1-html5/audio1_html5/controllers/blackControllers/showhideplaylist-on.png]
[barestostudio.com/wp-content/plugins/lbg-audio1-html5/audio1_html5/controllers/blackControllers/volume-off.png]
[barestostudio.com/wp-content/plugins/lbg-audio1-html5/audio1_html5/controllers/blackControllers/volume-on.png]
[barestostudio.com/wp-content/plugins/lbg-audio1-html5/audio1_html5/controllers/blackControllers/volumeMute-off.png]
[barestostudio.com/wp-content/plugins/lbg-audio1-html5/audio1_html5/controllers/blackControllers/volumeMute-on.png]
[barestostudio.com/wp-content/plugins/lbg-audio1-html5/audio1_html5/controllers/blackControllers/scrollerFaceOFF.png]
[barestostudio.com/wp-content/plugins/lbg-audio1-html5/audio1_html5/controllers/blackControllers/scrollerFaceON.png]
[barestostudio.com/wp-content/plugins/lbg-audio1-html5/audio1_html5/audio1_html5f049.css]
[barestostudio.com/wp-content/plugins/elementor_widget_apollo_audio_player/audio7_html5/controllers/whiteControllers/close-off.png]
[barestostudio.com/wp-content/plugins/elementor_widget_apollo_audio_player/audio7_html5/controllers/whiteControllers/close-on.png]
[barestostudio.com/wp-content/plugins/elementor_widget_apollo_audio_player/audio7_html5/controllers/whiteControllers/open-off.png]
[barestostudio.com/wp-content/plugins/elementor_widget_apollo_audio_player/audio7_html5/controllers/whiteControllers/open-on.png]
[barestostudio.com/wp-content/plugins/elementor_widget_apollo_audio_player/audio7_html5/controllers/whiteControllers/rewind-off.png]
[barestostudio.com/wp-content/plugins/elementor_widget_apollo_audio_player/audio7_html5/controllers/whiteControllers/rewind-on.png]
[barestostudio.com/wp-content/plugins/elementor_widget_apollo_audio_player/audio7_html5/controllers/whiteControllers/shuffle-off.png]
[barestostudio.com/wp-content/plugins/elementor_widget_apollo_audio_player/audio7_html5/controllers/whiteControllers/shuffle-on.png]
[barestostudio.com/wp-content/plugins/elementor_widget_apollo_audio_player/audio7_html5/controllers/whiteControllers/download-off.png]
[barestostudio.com/wp-content/plugins/elementor_widget_apollo_audio_player/audio7_html5/controllers/whiteControllers/download-on.png]
[barestostudio.com/wp-content/plugins/elementor_widget_apollo_audio_player/audio7_html5/controllers/whiteControllers/buy-off.png]
[barestostudio.com/wp-content/plugins/elementor_widget_apollo_audio_player/audio7_html5/controllers/whiteControllers/buy-on.png]
[barestostudio.com/wp-content/plugins/elementor_widget_apollo_audio_player/audio7_html5/controllers/whiteControllers/lyrics-off.png]
[barestostudio.com/wp-content/plugins/elementor_widget_apollo_audio_player/audio7_html5/controllers/whiteControllers/lyrics-on.png]
[barestostudio.com/wp-content/plugins/elementor_widget_apollo_audio_player/audio7_html5/controllers/whiteControllers/facebook-off.png]
[barestostudio.com/wp-content/plugins/elementor_widget_apollo_audio_player/audio7_html5/controllers/whiteControllers/facebook-on.png]
[barestostudio.com/wp-content/plugins/elementor_widget_apollo_audio_player/audio7_html5/controllers/whiteControllers/twitter-off.png]
[barestostudio.com/wp-content/plugins/elementor_widget_apollo_audio_player/audio7_html5/controllers/whiteControllers/twitter-on.png]
[barestostudio.com/wp-content/plugins/elementor_widget_apollo_audio_player/audio7_html5/controllers/whiteControllers/popup-off.png]
[barestostudio.com/wp-content/plugins/elementor_widget_apollo_audio_player/audio7_html5/controllers/whiteControllers/popup-on.png]
[barestostudio.com/wp-content/plugins/elementor_widget_apollo_audio_player/audio7_html5/controllers/whiteControllers/play-off.png]
[barestostudio.com/wp-content/plugins/elementor_widget_apollo_audio_player/audio7_html5/controllers/whiteControllers/play-on.png]
[barestostudio.com/wp-content/plugins/elementor_widget_apollo_audio_player/audio7_html5/controllers/whiteControllers/pause-off.png]
[barestostudio.com/wp-content/plugins/elementor_widget_apollo_audio_player/audio7_html5/controllers/whiteControllers/pause-on.png]
[barestostudio.com/wp-content/plugins/elementor_widget_apollo_audio_player/audio7_html5/controllers/whiteControllers/prev-off.png]
[barestostudio.com/wp-content/plugins/elementor_widget_apollo_audio_player/audio7_html5/controllers/whiteControllers/prev-on.png]
[barestostudio.com/wp-content/plugins/elementor_widget_apollo_audio_player/audio7_html5/controllers/whiteControllers/next-off.png]
[barestostudio.com/wp-content/plugins/elementor_widget_apollo_audio_player/audio7_html5/controllers/whiteControllers/next-on.png]
[barestostudio.com/wp-content/plugins/elementor_widget_apollo_audio_player/audio7_html5/controllers/whiteControllers/showhideplaylist-off.png]
[barestostudio.com/wp-content/plugins/elementor_widget_apollo_audio_player/audio7_html5/controllers/whiteControllers/showhideplaylist-on.png]
[barestostudio.com/wp-content/plugins/elementor_widget_apollo_audio_player/audio7_html5/controllers/whiteControllers/volume-off.png]
[barestostudio.com/wp-content/plugins/elementor_widget_apollo_audio_player/audio7_html5/controllers/whiteControllers/volume-on.png]
[barestostudio.com/wp-content/plugins/elementor_widget_apollo_audio_player/audio7_html5/controllers/whiteControllers/volumeMute-off.png]
[barestostudio.com/wp-content/plugins/elementor_widget_apollo_audio_player/audio7_html5/controllers/whiteControllers/volumeMute-on.png]
[barestostudio.com/wp-content/plugins/elementor_widget_apollo_audio_player/audio7_html5/controllers/whiteControllers/categories_arrow_bg.png]
[barestostudio.com/wp-content/plugins/elementor_widget_apollo_audio_player/audio7_html5/controllers/whiteControllers/search_icon.png]
[barestostudio.com/wp-content/plugins/elementor_widget_apollo_audio_player/audio7_html5/controllers/whiteControllers/scrollerFaceOFF.png]
[barestostudio.com/wp-content/plugins/elementor_widget_apollo_audio_player/audio7_html5/controllers/whiteControllers/scrollerFaceON.png]
[barestostudio.com/wp-content/plugins/elementor_widget_apollo_audio_player/audio7_html5/controllers/blackControllers/close-off.png]
[barestostudio.com/wp-content/plugins/elementor_widget_apollo_audio_player/audio7_html5/controllers/blackControllers/close-on.png]
[barestostudio.com/wp-content/plugins/elementor_widget_apollo_audio_player/audio7_html5/controllers/blackControllers/open-off.png]
[barestostudio.com/wp-content/plugins/elementor_widget_apollo_audio_player/audio7_html5/controllers/blackControllers/open-on.png]
[barestostudio.com/wp-content/plugins/elementor_widget_apollo_audio_player/audio7_html5/controllers/blackControllers/rewind-off.png]
[barestostudio.com/wp-content/plugins/elementor_widget_apollo_audio_player/audio7_html5/controllers/blackControllers/rewind-on.png]
[barestostudio.com/wp-content/plugins/elementor_widget_apollo_audio_player/audio7_html5/controllers/blackControllers/shuffle-off.png]
[barestostudio.com/wp-content/plugins/elementor_widget_apollo_audio_player/audio7_html5/controllers/blackControllers/shuffle-on.png]
[barestostudio.com/wp-content/plugins/elementor_widget_apollo_audio_player/audio7_html5/controllers/blackControllers/download-off.png]
[barestostudio.com/wp-content/plugins/elementor_widget_apollo_audio_player/audio7_html5/controllers/blackControllers/download-on.png]
[barestostudio.com/wp-content/plugins/elementor_widget_apollo_audio_player/audio7_html5/controllers/blackControllers/buy-off.png]
[barestostudio.com/wp-content/plugins/elementor_widget_apollo_audio_player/audio7_html5/controllers/blackControllers/buy-on.png]
[barestostudio.com/wp-content/plugins/elementor_widget_apollo_audio_player/audio7_html5/controllers/blackControllers/lyrics-off.png]
[barestostudio.com/wp-content/plugins/elementor_widget_apollo_audio_player/audio7_html5/controllers/blackControllers/lyrics-on.png]
[barestostudio.com/wp-content/plugins/elementor_widget_apollo_audio_player/audio7_html5/controllers/blackControllers/facebook-off.png]
[barestostudio.com/wp-content/plugins/elementor_widget_apollo_audio_player/audio7_html5/controllers/blackControllers/facebook-on.png]
[barestostudio.com/wp-content/plugins/elementor_widget_apollo_audio_player/audio7_html5/controllers/blackControllers/twitter-off.png]
[barestostudio.com/wp-content/plugins/elementor_widget_apollo_audio_player/audio7_html5/controllers/blackControllers/twitter-on.png]
[barestostudio.com/wp-content/plugins/elementor_widget_apollo_audio_player/audio7_html5/controllers/blackControllers/popup-off.png]
[barestostudio.com/wp-content/plugins/elementor_widget_apollo_audio_player/audio7_html5/controllers/blackControllers/popup-on.png]
[barestostudio.com/wp-content/plugins/elementor_widget_apollo_audio_player/audio7_html5/controllers/blackControllers/play-off.png]
[barestostudio.com/wp-content/plugins/elementor_widget_apollo_audio_player/audio7_html5/controllers/blackControllers/play-on.png]
[barestostudio.com/wp-content/plugins/elementor_widget_apollo_audio_player/audio7_html5/controllers/blackControllers/pause-off.png]
[barestostudio.com/wp-content/plugins/elementor_widget_apollo_audio_player/audio7_html5/controllers/blackControllers/pause-on.png]
[barestostudio.com/wp-content/plugins/elementor_widget_apollo_audio_player/audio7_html5/controllers/blackControllers/prev-off.png]
[barestostudio.com/wp-content/plugins/elementor_widget_apollo_audio_player/audio7_html5/controllers/blackControllers/prev-on.png]
[barestostudio.com/wp-content/plugins/elementor_widget_apollo_audio_player/audio7_html5/controllers/blackControllers/next-off.png]
[barestostudio.com/wp-content/plugins/elementor_widget_apollo_audio_player/audio7_html5/controllers/blackControllers/next-on.png]
[barestostudio.com/wp-content/plugins/elementor_widget_apollo_audio_player/audio7_html5/controllers/blackControllers/showhideplaylist-off.png]
[barestostudio.com/wp-content/plugins/elementor_widget_apollo_audio_player/audio7_html5/controllers/blackControllers/showhideplaylist-on.png]
[barestostudio.com/wp-content/plugins/elementor_widget_apollo_audio_player/audio7_html5/controllers/blackControllers/volume-off.png]
[barestostudio.com/wp-content/plugins/elementor_widget_apollo_audio_player/audio7_html5/controllers/blackControllers/volume-on.png]
[barestostudio.com/wp-content/plugins/elementor_widget_apollo_audio_player/audio7_html5/controllers/blackControllers/volumeMute-off.png]
[barestostudio.com/wp-content/plugins/elementor_widget_apollo_audio_player/audio7_html5/controllers/blackControllers/volumeMute-on.png]
[barestostudio.com/wp-content/plugins/elementor_widget_apollo_audio_player/audio7_html5/controllers/blackControllers/categories_arrow_bg.png]
[barestostudio.com/wp-content/plugins/elementor_widget_apollo_audio_player/audio7_html5/controllers/blackControllers/search_icon.png]
[barestostudio.com/wp-content/plugins/elementor_widget_apollo_audio_player/audio7_html5/controllers/blackControllers/scrollerFaceOFF.png]
[barestostudio.com/wp-content/plugins/elementor_widget_apollo_audio_player/audio7_html5/controllers/blackControllers/scrollerFaceON.png]
[barestostudio.com/wp-content/plugins/elementor_widget_apollo_audio_player/audio7_html5/controllers/whiteControllers/AC.png]
[barestostudio.com/wp-content/plugins/elementor_widget_apollo_audio_player/audio7_html5/controllers/whiteControllers/DiscVinil.png]
[barestostudio.com/wp-content/plugins/elementor_widget_apollo_audio_player/audio7_html5/controllers/whiteControllers/support.png]
[barestostudio.com/wp-content/plugins/elementor_widget_apollo_audio_player/audio7_html5/audio7_html5f049.css]
[barestostudio.com/wp-content/plugins/weddingpress/addons/comment-kit/css/fonts/wdpfont7137.svg]
[barestostudio.com/wp-content/uploads/2021/05/Design.html]
